<Page xmlns="http://schemas.microsoft.com/winfx/2006/xaml/presentation"
      xmlns:x="http://schemas.microsoft.com/winfx/2006/xaml"
      xmlns:sys="clr-namespace:System;assembly=mscorlib"
      Title="Page Title">
  <Grid>
    <!--  Tolarent element, no break line in markup extension  -->
    <TextBlock Text="{Binding RelativeSource={RelativeSource FindAncestor, AncestorType={x:Type Page}}, Path=Title, StringFormat={}{0}Now{{0}} - {0}}" />

    <!--  Markup extension format  -->
    <!--  Literal style  -->
    <TextBlock HorizontalAlignment="Center"
               VerticalAlignment="Center"
               Text="{Binding {}Title,
                              RelativeSource={RelativeSource FindAncestor,
                                                             AncestorType={x:Type Page}},
                              StringFormat={}{0}Now{{0}} - {0}}"
               Foreground="Red"
               FontSize="20" />

    <TextBlock HorizontalAlignment="Right"
               VerticalAlignment="Top"
               Text="{Binding Path=Content,
                              ElementName=m_button,
                              StringFormat={}{0:##\,#0.00;(##\,#0.00); }}" />


    <TextBlock x:Uid="Setter_75"
               Style="{DynamicResource {x:Static SystemColors.ControlTextBrushKey}}"
               Text="Foreground" />

    <TextBlock x:Uid="KeyForResources"
               x:Name="TextBlockWithResources"
               Style="{DynamicResource {x:Static SystemColors.ControlTextBrushKey},
                                       ResourceKey={x:Static SystemColors.ControlTextBrushKey}}"
               Text="Foreground" />

    <!--  Quoted Value  -->
    <TextBlock x:Uid="Setter_87"
               Style="SomeStyle"
               Text="{Binding Path=U1State,
                              Converter={StaticResource Enum2BooleanConverter},
                              ConverterParameter='Adjustment,ToManualFromAdjustment,ToSemiAutoFromAdjustment,ToAutoFromAdjustment'}" />

    <TextBlock Text="{Binding Path=Text, ElementName=m_source, StringFormat='{}{0} , {0}'}" />

    <TextBlock Margin="40" Text="{Binding Path=Text, ElementName=m_source, StringFormat='a,b,{0}'}" />

    <TextBlock Text="{Binding SelectedReceiver,
                              StringFormat='{}{0}\'s email'}"
               FontSize="18"
               FontWeight="Bold" />

    <!--  Escape Sequence  -->
    <TextBlock x:Name="m_text"
               Margin="20, 5"
               HorizontalAlignment="Center"
               VerticalAlignment="Bottom"
               Text="{}{asdfg}   "
               Foreground="Green"
               FontSize="20" />

    <!--  Xml Namespace  -->
    <TextBlock Width="100" Text="{Binding Path=Element[{http://planetsNS}DiameterKM].Value}" />
    <TextBlock Width="100" Text="{Binding Path=Attribute[Name].Value}" />
    <TextBlock Margin="20, 5"
               HorizontalAlignment="Center"
               VerticalAlignment="Bottom"
               Text="{Binding Path=Element[{http://planetsNS}Details].Value,
                              Source={}{{Test}}}" />

  </Grid>
</Page>