<Window x:Class="WpfApplication11.MainWindow"
        xmlns="http://schemas.microsoft.com/winfx/2006/xaml/presentation"
        xmlns:x="http://schemas.microsoft.com/winfx/2006/xaml"
        Title="MainWindow"
        Width="525"
        Height="350">
  <Grid>
    <TextBlock Text="{Binding Vm.test, Mode=TwoWay, Source={StaticResource Locator}, Converter={StaticResource Converter}}"
               FontFamily="Arial"
               FontSize="18" />
  </Grid>
</Window>